<?xml version="1.0" encoding="UTF-8"?><mappingRoot xmlns="http://www.ibm.com/2008/ccl/Mapping" domainID="com.ibm.msl.mapping.xml" domainIDExtension="mb" mainMap="true" targetNamespace="default" version="8.0.5.0" xmlns:map="default">
    <inlinedXMLSchema><![CDATA[<?xml version="1.0" encoding="UTF-8"?><xsd:schema xmlns:xsd="http://www.w3.org/2001/XMLSchema">   
                        <xsd:element name="rates" nillable="true"> 
    <xsd:complexType> 
      <xsd:sequence> 
        <xsd:element name="element1" nillable="true" type="xsd:string"/> 
      </xsd:sequence> 
    </xsd:complexType> 
  </xsd:element> 
    <xsd:element name="date" nillable="true" type="xsd:string"/>   
    <xsd:element name="base" type="xsd:string"/>   
</xsd:schema>]]></inlinedXMLSchema>
    <input path="jar:file://!com/ibm/etools/mft/map/xsds/predefined/JsonDomainMsg.xsd" var="var2"/>
    <input inlinedXMLSchema="true" path="../schema_0.xsd" var="var4"/>
    <output path="jar:file://!com/ibm/etools/mft/map/xsds/predefined/JsonDomainMsg.xsd" var="var3"/>
    <generation engine="xquery"/>
    <mappingDeclaration name="getLatest_Response_Mapping">
        <input namespace="http://www.ibm.com/iib/msl/json" path="$var2/mb:msg(JSON,assembly,JSON,Properties)" var="MessageAssembly">
            <cast castType="userDefined" path="$MessageAssembly/JSON/Data/type('anyType')" qualifier="{http://www.ibm.com/iib/msl/json}JSONObject" ref="var2"/>
            <cast castType="userDefined" path="$MessageAssembly/JSON/spath('Data',2)/any" qualifier="base" ref="var4"/>
            <cast castType="userDefined" path="$MessageAssembly/JSON/spath('Data',2)/any" qualifier="date" ref="var4"/>
            <cast castType="userDefined" path="$MessageAssembly/JSON/spath('Data',2)/any" qualifier="rates" ref="var4"/>
        </input>
        <output namespace="http://www.ibm.com/iib/msl/json" path="$var3/mb:msg(JSON,assembly,JSON,Properties)" var="MessageAssembly1">
            <cast castType="userDefined" path="$MessageAssembly1/JSON/Data/type('anyType')" qualifier="{http://www.ibm.com/iib/msl/json}JSONObject" ref="var3"/>
            <cast castType="userDefined" path="$MessageAssembly1/JSON/spath('Data',2)/any" qualifier="base" ref="var4"/>
            <cast castType="userDefined" path="$MessageAssembly1/JSON/spath('Data',2)/any" qualifier="date" ref="var4"/>
            <cast castType="userDefined" path="$MessageAssembly1/JSON/spath('Data',2)/any" qualifier="rates" ref="var4"/>
        </output>
        <move>
            <input path="$MessageAssembly/Properties"/>
            <output path="$MessageAssembly1/Properties"/>
        </move>
        <move>
            <input path="$MessageAssembly/JSON/spath('Data',2)/base"/>
            <output path="$MessageAssembly1/JSON/spath('Data',2)/base"/>
        </move>
        <move>
            <input path="$MessageAssembly/JSON/spath('Data',2)/date"/>
            <output path="$MessageAssembly1/JSON/spath('Data',2)/date"/>
        </move>
        <move>
            <input path="$MessageAssembly/JSON/spath('Data',2)/rates"/>
            <output path="$MessageAssembly1/JSON/spath('Data',2)/rates"/>
        </move>
    </mappingDeclaration>
</mappingRoot>